// Jest Snapshot v1, https://goo.gl/fbAQLP

exports[`Page - Map should match snapshot 1`] = `
<div>
  <h3
    class="MuiTypography-root MuiTypography-h3 MuiTypography-alignCenter css-47suzj-MuiTypography-root"
  >
    Klilcaithness
  </h3>
  <div
    class="MuiContainer-root MuiContainer-maxWidthLg css-xnjq7a-MuiContainer-root"
  >
    <img
      alt="map"
      src="data:image/jpg;base64,/9j/4AAQSkZJRgABAQAASABIAAD/4QB0RXhpZgAATU0AKgAAAAgABAESAAMAAAABAAEAAAEaAAUAAAABAAAAPgEbAAUAAAABAAAARodpAAQAAAABAAAATgAAAAAAAABIAAAAAQAAAEgAAAABAAKgAgAEAAAAAQAAAjegAwAEAAAAAQAAAc4AAAAA/+0AOFBob3Rvc2hvcCAzLjAAOEJJTQQEAAAAAAAAOEJJTQQlAAAAAAAQ1B2M2Y8AsgTpgAmY7PhCfv/iAihJQ0NfUFJPRklMRQABAQAAAhgAAAAABDAAAG1udHJSR0IgWFlaIAAAAAAAAAAAAAAAAGFjc3AAAAAAAAAAAAAAAAAAAAAAAAAAAAAAAAAAAAAAAAD21gABAAAAANMtAAAAAAAAAAAAAAAAAAAAAAAAAAAAAAAAAAAAAAAAAAAAAAAAAAAAAAAAAAAAAAAAAAAACWRlc2MAAADwAAAAdHJYWVoAAAFkAAAAFGdYWVoAAAF4AAAAFGJYWVoAAAGMAAAAFHJUUkMAAAGgAAAAKGdUUkMAAAGgAAAAKGJUUkMAAAGgAAAAKHd0cHQAAAHIAAAAFGNwcnQAAAHcAAAAPG1sdWMAAAAAAAAAAQAAAAxlblVTAAAAWAAAABwAcwBSAEcAQgAAAAAAAAAAAAAAAAAAAAAAAAAAAAAAAAAAAAAAAAAAAAAAAAAAAAAAAAAAAAAAAAAAAAAAAAAAAAAAAAAAAAAAAAAAAAAAAAAAAAAAAAAAWFlaIAAAAAAAAG+iAAA49QAAA5BYWVogAAAAAAAAYpkAALeFAAAY2lhZWiAAAAAAAAAkoAAAD4QAALbPcGFyYQAAAAAABAAAAAJmZgAA8qcAAA1ZAAAT0AAAClsAAAAAAAAAAFhZWiAAAAAAAAD21gABAAAAANMtbWx1YwAAAAAAAAABAAAADGVuVVMAAAAgAAAAHABHAG8AbwBnAGwAZQAgAEkAbgBjAC4AIAAyADAAMQA2/8AAEQgBzgI3AwEiAAIRAQMRAf/EAB8AAAEFAQEBAQEBAAAAAAAAAAABAgMEBQYHCAkKC//EALUQAAIBAwMCBAMFBQQEAAABfQECAwAEEQUSITFBBhNRYQcicRQygZGhCCNCscEVUtHwJDNicoIJChYXGBkaJSYnKCkqNDU2Nzg5OkNERUZHSElKU1RVVldYWVpjZGVmZ2hpanN0dXZ3eHl6g4SFhoeIiYqSk5SVlpeYmZqio6Slpqeoqaqys7S1tre4ubrCw8TFxsfIycrS09TV1tfY2drh4uPk5ebn6Onq8fLz9PX29/j5+v/EAB8BAAMBAQEBAQEBAQEAAAAAAAABAgMEBQYHCAkKC//EALURAAIBAgQEAwQHBQQEAAECdwABAgMRBAUhMQYSQVEHYXETIjKBCBRCkaGxwQkjM1LwFWJy0QoWJDThJfEXGBkaJicoKSo1Njc4OTpDREVGR0hJSlNUVVZXWFlaY2RlZmdoaWpzdHV2d3h5eoKDhIWGh4iJipKTlJWWl5iZmqKjpKWmp6ipqrKztLW2t7i5usLDxMXGx8jJytLT1NXW19jZ2uLj5OXm5+jp6vLz9PX29/j5+v/bAEMAHBwcHBwcMBwcMEQwMDBEXERERERcdFxcXFxcdIx0dHR0dHSMjIyMjIyMjKioqKioqMTExMTE3Nzc3Nzc3Nzc3P/bAEMBIiQkODQ4YDQ0YOacgJzm5ubm5ubm5ubm5ubm5ubm5ubm5ubm5ubm5ubm5ubm5ubm5ubm5ubm5ubm5ubm5ubm5v/dAAQAJP/aAAwDAQACEQMRAD8At0UUViAtFNozQAtFJRQAtJS0UAJRS0UAFFFNZ1QbnIA96AHUVD9ogxneuD70GeEDJdfzoAloqv8AarfOPMFSJLFJwjBvoaLASUlLSGgQlFFFAC04U2lFADqSlooAbRTqTFACUUtRvJHGMyMF+tADqKg+1W3/AD0Wk+1QZwp3f7oJ/lTsBaFOqGKWOXOw8jqOhqekAlFLRSASkpaaaYBTaWkpAFNNOpKYhtFFLQAlLRS0AAp9NFOoGLSUUUgEpc0lFADqM02igB2aM03NFAD800mmmm5pgONApM0ooAdS02lpAFLSUlADqKSjNMB1FNzRQMdVO9GYuOOf6GrdVrsqISrDOent7/hTW4FFjlW+TZynH41qW3/Hun0rLbJz+83/ADKD0rUtv+PdPpWqFInoooqiD//QuUlJmlrEBKSnUUAJRS0UAJS0lFAC0UlLQAVXmRy6Soocp/CehqxRRcBbZ4LiVo5oFSTGexyKjuSkNwIbaGPIXJJHr6UW/GojPeM4/MUXfy34PrH+WDWl9LgRme7APmRRMvdQOtLdmGSGC6hULlwCRwQD2P402SQ5WOIgs7bR3xVaOKUl7cv8iScjHUj0pJ6agaFIajkl2EIql3boopFdy7RSrtdeo69aiwh9FRO7+YIYl3MRnk4GKeYr9esS/XdTsA+lzUDPPCMzxFV/vDkUskuxAyjJYgD05osBYpajFtf4zmP6ZNNikL5VxtZDhh70NWAmoqFfPnlaO32gJjJb1NNnFxarveWNufugYP4c0WAsVXljfzFmiwWXs3Q1Z60mKAJrSZbjekkaq6YyByOahmu5Y52t7ZE+QDJPvSWPF5OD/dX+tMm41Fx6xqf51d9BjI1maYzzldxGML0qzRRWbYgopGYKpZug5qq0twIzc+XiIY69SPWhK4FqmmmTSeXE0gGcDNNWG9eMSxtG4IzgZ/nQlcB9FVWuQIWfGHTqp6g1aWzvWAPmpgjPQ/401FgFJVWZ5raXyZCrkgYI4Az61Y8i/wAZxGB/vH/CnysBaKaY71RuMauP9hs/zpsUqScDgjqDwRSaES0UtFIYtKKSlFAC0lLRSASkpTSUAFJmikpgLmjNJRQAU2lpKBDqWkpaBhS0lFIAozSUUwFzRSUtAC0opKUUDFqne/cX6nPuMcj8auVSvMlVx68fXtTW4FYlGHyKR86j9K07b/ULWc5k/wCWnXevT6VoW3+oX6VqhSJ6SiiqIP/Rsilpop1YgLRRS0AJRS0hoASiikoAM0uabRQA7NFJmkzRYBIedQjx2RqXUGj89UMAlbbnJOOB2pkLD+0Isf3WBqTUfluYHPAwwz+VaLYCO2mt4503WwiLHAbrg0yEFJJo2+8JCT+PIpZI1lTaT+I7U1V8hXllYsTySfapbugHwypFcS3LfdjQLx3JPQU+7K+ZFex/clG0n9RUQMUVosVwjO0xMhVevXirMIjvLB7eNSmz5QG5IPUVVugFS4jjkjJcZIBxUtyWfSomfnOwsfaq4bzLUluDtwfrV9p5IdMjlQfNhBz70oiGQTrBYYueOoVT1I7cVVhizbrHKM8VamVb6AXkAxKnb1x2P9KiSaN03g/hRICTTmjghkkY4QybR+gpt5i2uzKfuyLk/VaqsAdLRe8kp/mavxIuo2iCblo2w34cH8xVDFsG8oiKQfvJsyH2HYflVdo0N/MWAJBUj8qiglaTUEm4+ZmUD0UA4qe5IgvmZzhZVGCfUdqT2AnooBz0prOiffIH1rMQtl/x+z/7q/1pkn/IQk/3F/rS6eyvdTuhypCjI6d6juZEi1BjIwUFF61p0GWKKg+1W2N3mLj60QwC6BuLgHyQMquevuahIQ27P7hlHJf5R9TVxZYpWfTWB+VME+vAz+WayrIeZMGxiOLMmPQdhU6Xcf2hLjyNu8437ueeOlWlYYQEmMwyfejO1qfafuLzZHwrIWI9xT7sCC8EnRZRg/UUyHnUEGf+Wbf0pLcCWeGO/iF1akbsYIPceh96pWDqkz7cgeUTg9iOtRWrS2y+bCc7SQynuAcVsLFbXObyLguhU49/X3FMDJgiRrfewyzjJJ6mrYbOikk9EI/I9KrW7gWqljjAxzVqNc6MwHdWP60kIqKr2qie3OMDJXsavXyq9ut/HwygH6g9qoNIJYhBF80jjAAq/fkJbR2a/ebaMD0HWmvMY0HIzTqaPSlrMQtLSUUALRSUUALSUlLQAUhFLRQA2kpaSgQUlLQaADNGabRQA6ikooGLRSZpaAFpaSloAWjNNpKAFzVW7XdGDjgd/T3/AAqzVa6JCAA9T+foPxprcZVygGFff+8Hfrx/StO2/wBQn0rOcsR8y7TuWtC2/wBQn0rVbikTUZopKsg//9KzRRRWIDhS00U6gApKKKAExSGn000AMooNFABUFwHMfy56jOOuO9WMUUARw3dnb/8AHvA5J6nHP5mpX1CKRSk8D7D6gH9KSiq5gKmbZpkNkpUDO/IIB/OnS7RMrTI0kYH3V9ferNFK+twILmdbrBjhkWReAx4AH4GnWtyLRNvkSFj945zk+vWpwKWnzAUJDHJP532Y7P4lzjJ9cVZe7keLyRajZgAAn06VIaSjmEVrVrmy5VfMDAZGcYNEssUziRrQ5By3v/jVmlo5gI5LqOWMQtattHQcDH0xVe3e6tVYIm4Sds9D61doo5gKdsTZnmDzH7OPSrb35kUpJbMQexwRTqKOYCG2Ro4gr9f5e1MfEdx5skXnKVwB1watUUrgMF9cYxDbhR7nH8qDeXJx5tsrAehz/OpKQ0+YCL7UN282n8s0k9xc3URgWLYD1JPb0qakzRzAQQ3DQReUtt/vHPWqyxukvneQpXsmelX6WlzARS3dxPGYnt157k5AqC2aW1+5bqzjgvu5NWzSUcwFQKzziURCHGd2DnJNSIZrSQyW6hlb7ydPxFT0UXAoCGUKr7QSHLbT05q6by6KeWbdNpGMZ4x+VOxRT5guQLNcqNsEUcOe45NEcW1jI7F3PVjU1JSbAWlpKWkAtFFFABRRRQAlFFFABRmiigAoopDQIKbS02gBKWkpaAFopKKBhS0lLQAtLSZpM0AFFFLQAtVLv7qj3/I+v4VbqpefcHpzn6d6a3GQuGAwzbvnX+VX7b/UJ9Kzv3eP3XQuPzArSt/9Qv0rWO4pEtJRRVkH/9OxThTKcDWIC0oopaAClxRRSGGKaadSUANxRinUtMBtJin4oxQIZigipMUlAyKlAp2KTFAh1GKUUtADCKbipKaaBDaWiigApRSUtABS0UUAFFFFACUUhNNzQA+m5oBzSUAOoptFAC0UlLQAUUUUAFFFFACUUtJQIKWkpaBi0UUUAFFJRQAtFJRQAUUlFAC0lFFAhppKWkoASlpKKAFopKWgYUUUlADqKSloAKWkooGLVe5AKAk4IPHufSrFVLv7gHY5z9O9NbgQv5g++FHzqTj6YrQtv+PdPpWcRGF/dkkFx29q0bb/AI90+larcUiU0UtLVkH/1LFFFFYgOFLTRThQAtLRS0hhSUtFABS0lLQAUtFFAxKKWigQmKSlooASloopiCmEVJTTQAzFGKdikoEJRS0UAFFFFABQaKWgCM02jzIy5TcMigsgOCRmgQUtGKKAFoqJ5UXI3DcBnFUUeYZdTnJyQTVKNx2NKlrNE1xux3qT7Uc8jGO1DiFi9SAg9DnFQPL8nyck9Ko7CoPO09eaFEaRrUVkAP5uzcAR6fnU4mn3YwSf0/lQ4hY0KYWUdSOKhlkJTavyk+tUfKkOSMfhQohY0/MjAyWFPyOuayliZ8MMnFKyFQcNwOcYxT5UFjVorMQyqu5DnPUY7VYhkk/jB20nELFosFGWOBTTIgOCRVCXdK24EDnGDUJiZSN3c9vrTUQsaokRjhSCRTsjpmszyWUEsSvvimbW3hS33gD+dHKh2Nais/fODjk+lTu7eWFb5SeCaXKKxMZEBIJGRTDNH03daoeU7E4YHpRHE7HcR8tVyoOU0SQOSaXg1mspUEhicEDGPWnKJFTKkkHk0uUGi+aYzKv3jio42kxlgcdqrspdgwYcngUlEOUtmWMdTTwRjIPFZqwuTgDPfipDGQSobHGcYp8qDlL+RRWfH5hBdDn2qaJ5Ceh20nELFguqnBIBpPNQdWFVmjZ3L84NQFSg3Bsgn0x2zTUUOxqAhhkHNFUB5kY4OQev1qwryBCXHvScRWJiyqQCQCelVbl1ZRjnBzj19vxqFkdjncD1PvUTIUODnPY9snGKpRHYnY5Bwuz514/CtC2/1CfSqDCTH7w5O8fyq/bf6hPpVR3JkT0UlFWQf//VnpaSlrEBacKTFLQA6lptLSGOopKWgAooooAWioDKwPSk81vQUBcsUVX81vQUnnN6CgLlmiq3nP6Ck85vQUxFqkqqZ39BVrtmgBarpcQyHajAnp9fpUkmPLbPcYrIY9F7d/8AIqkhpGgblAcdvXNSCWMgHcOazfMfAEYOMdv/AK9N+cAKG+o9KfKDSNMzJ2yfoKTzox1NZmMkjJyTQVB+UH86OVBYseeRzu5J475/Cn/aHBx157//AFqrPtWMqCeOxAoV8LtA79BinYLFg3LM2Acdc8VGJ3bJ3ng8f5FR5JXdtxxnOcCngtgOBz0z6/nRYdiJUyCzE9eoppQ7gNx55z6VI3zsNxx7YpgyD8/APX8KdwJT5oICkkduf/r1OzsItrcHoTVMH+IZpxVioyQPwNKwrCBCG3BgcY7Y7052YjLjA9eKEC4Izznpz1pkgAXHemNgrbju4yO/sKcHIbPB/KolXcwUjp1x1qbCkZIOMZoEgZnIDYOPpRtZlBbsc/XtSM/BYEDb9f8AGkU7UVgeRzigd+4FgVGB70m4rnB//XS7o9uSOg4z3qQ8Anb2zigBhDtjHX605RlRzk54GaaxZlyM5zwOP60qqfLBQEkDggd6AD5sDJHTOetM5zxzk54qQkj5WGDjj25oV3JzjIHYd6AGHnqck8n8aVWZvQkdc05ORhVBOOeKGZgcd+OckUAMCkEfMPbnr9fSpNpJ+THOT16nvUeP3oPOOepzzUojkV/lGAfXHWgCPGeCw6+lRCQk4PQnnmrQWRQSABjtnFVnikQZbv8AzoExA5Bzz71JtYgAkA/l/wDqqErxjNSbmPBPAoBXJFUFeucnge9GCDliB+GaaCB09ad5rcD0oGQFiCNv6U3eSMGlbPU/Wm9BxnIPWggmRmcnOPrT1XDcke2On/1qjiV2bEfBH61KkUmD8vQdSf8A69BSYEcjaQB+feoXJGcEfUVJvwOn51E5J5NAMC5J5P507cVIAORioupwPrmlJx357Hp+FBNyfkAksPyqLeR904+lPVmXngk0zaxbCjrxxQN3E3HGMnjoakz/AAk9elRlTnpjHHSkz6Hkj6UCTLCDBO4jj3oYtGuRgDGAM+2aapUdv1NI7kqF9+Prjigu4HG0ALtIZa1bb/j3T6VnzeYqMZCMhlPFXrQ5toz7U0RIsGkpaKog/9axSiilrEBaKSloAWlpKdSGFLRRQAUUUUAViOabinnrTaBCUlOpKAG4pKdTTTAaa0B0FUTV4dBQBHL/AKs8Z9qzdzZITOPStGaRkX5VJNZTysW4yCfWriNDGVhkycE849c+tADjlRgZ7VJvZMKOwwMck1IQwGc5OPUGqGQssv3c4DHvnrQwwpIyTj88U+PPODtLEdKFUgZxk4OcUBYi3rnOB9TT1lP3Sck9uKQbOAwHvkcgZ6UIEUEMAc9PagTI9yttCksTxip9zIq7hgD8OfxpECghtx46U6SRXb94N2P50AkRCQgBt2T6VJuYY3cjOc9eT2xTQFJHoBk+gNIx3nhQuD1xjp70DJhvwHPQ5qI8g7xjjpkj+VNO/B7Y4yMfzpXbtvJ9v8mgLioMKUcH1P40gUO3XgfTn+lB3NgucepBOcfjSkxjAQk+2f8ACgLCSFCVxz65FICuBtBbpz2/SgHZgKAh/I03KYDc9eTQJkjcfeXAz3P9Kcsn/PMcH0/+uKrkqW6krjv/APWqTzeDtGO9A0xfmZ8DlhknHYfSnFnwOMdP8+lQl8kdcZ5yKUSZUDGcdu9AiRmYdSP8/UU4EuSQf/r1V5HP5/jS8KvXntQLmJW+9tB7nmngomAAD/n2qNZQCeOPzqQZ27shfQD/ADxRYq41FcDgZ6mlVic5fHPHFRlSQX54Peo8nPrQTctISwb5uB1zQVIAxyePQc1GpKpknGf89KTflsk0WHctnZGMSMM5qKYo0a7SDz0pc45PJwMf/XqH5snd1zSQDCOOo60DnOe9SUtUFxhHWjvT6KAuRf4UpGc/SpKKQXHwj951xU4AKkD0PequB3pMCiwXGY/lS/8A1qdRTC5HjOOPWgKB0HapMCikFxmP6U9M+YuB3oxR05FAXLbRCRvnGTmqO3GePX+dSAkdCaaeuTRYLje/TuKaRx7c59h3qTAppB7f/rHcUBcWQII2EZyCy9a0rP8A49o/92qBDSgpHGFywP5VctyY4liPVQARTRMi3RRRVEH/17NFFLWIBS0UUALS0lFADsgdaTcvrUcnQVGKQFncvrRuX1qsaKAF70UlLQAlNp1JQA2iikpgFXHwYznpiqdF7zEo96aAiBkaNW5PBGfoe9Vsk/Nnkc1IHZYwu7IHYHvTJAxAbuDjn8KtDAlnwzYGO+Mc0fvDw2RjB9qWONg4DLk9qCCTw3HamO3VgSwcN0xyPenMwRtxHX8feoWO18rnA4H40pIfhz7n+lFguKcyMWUHHUmpI0LcE4B6k0FnhPTqB+Of50N83I6H/OPxpAiuc5OSOPy4pAcfNnPH4U8gKSoBBz360wAZIJwSeaZF9ScsjA7O4xgHrzTCWxg8/Q9Of1qRXZjkc7e3r7U5CXO1RzznigtkPzEFcY/CkIdmBO1e3+eKncuBtI7demPxqMgbw46Z55zzQIDuGTng8f5NNychFP5VMRsyWGP1qNSAC3VsdOv4YouOw4uwJBGDgY7596cw7kZP0FRnLHdgLxj0zS5bg7uPagLjWTcuAOT9RUhUsgwAD7nFMDZYBWJ5/wDretPwd/3uP8/WgCMs7jae5HP0pSV2BTzjpQFD8Z6A4HsKcVPViB04zQFrkZRQfk6DmiMZYFhnnNSKgHXnsOOfyzSAnftCgHByCOv4UCt1FKDIyNv+e9MKxsCVHPbnqc08hWP7wYIBzx+VJ5bAgL0H+f60DG7FCccEdc09YVzlyD7c03GRkLwMUqqQdrcY47UCsBEbkcnJ/Km+UMjYd3POfr2pQE3YGTnPoSMVKqq57jr0HTFAxNiNhmwNpxg0xhtb6805IiASWwDTDkuSxzjjPrQhMWiiimIKKKKACiiigApKWigBKKWigBKKWigBKKKKACiiigBKUdeuPekooAmiIOQMkHqT2z9KkhTMJlOMt0xUUSgMSenvxU8TFgwUfKMY+vehAy2GHHNLuFQNjj9aT5f8irIP/9C1RRRWIC0UUUAFLSUtADJegqGpZOgqKkAtLSUtAC0UUUAJQaWkoAYaSnUhpgJVwgMuDyKzmlA6An3Aqc/aZDhcIo7nrTsBC0MrHATgdPSkWFpHZWyO+ferLLcIu9W3sO2OD9KT7XGB8wIx14qrsLlFd6Fi2BjjHr9cUo2mM9e5HtVgyWkp3bvr70xntSeFJHtwKdx8xXBHRhhT26k//XpiqwXeOFXr7f8A6qe5jEhO73z9aMjAXsaYDfMx82cEcAdP/wBXrUiIXYkAKBz7EU9Ioy2ZDlf5Go2ZEYheQOcdKA1JSAMl1wM9ahJ2oB698d/WnLK5cbfof/1U95GP38E46dqQxmUA4AOeuRmkRWP3QOScCmHzFZgMnB7U0MQc4Oc9/wDPNMGyb5xnLbcY7f8A16WNtxYb+Md+9Qsx5XA5x1GMUzPOP5UE3LWNvIOfbjvQwdsHIGOo/wD1CqxkOfpUq/Mv8RPoKLFXGnJ5A3de9OJfjHJzwO38qCjAknp+uKNpPRevSgQgVxl2I9cA0ENjrnkH8fwpwBIJOfccU4qzHduX27UDEVGYHd19jgikRgRlj2+lIx3Hlugx0oyp4AxjjJJoAUmNjknP8uKVQh+fJz368j+lM3Mq7htPP+e1KrAIc4O7HNADj5bEEDr35pkZJG8HntupWYN8o4APPvTg7jAj4GPXH+fwoAEJcdcADuf8KcQ5wB92ocFcBTzznrSjYAWYHrz1z/KgEx+w7/Mxx06dKdsXfkkc8cCmRhdpJGPSnMFHyr1HrQAbZC3ByDxnHTFR9GPvT8tGCmDgfSmk7myo496EJi0Ur/J1IP0qPePSnYQ+imlwDijcMA+tFgHUUgbNJvFOwXHUU0tg4pA4JxSsFx9FFFABRRRQAlFLSUAFFFFABR0PFSRoHyCcYxT/ACCedwxkfrQAyLfuJPb14/xq1GAsXl91pkcYHTGGBOev4e1SxxFYvnIyepoQMG4AyKbuT+6PzqUocjBHtS7JPUVZB//Rs0tJTqxAKKKKAGu6xoXboBmiKzluR5tyxRSPlVT/ADNRSL5s8MB6M2T9BzSSO17K24kRISAo4zj1qltcCeTTXC5gmbPYNyKqxOWyjja68EUNEYMSW7MrDtkkfTFLM4eSC7Xjzlww9xTdmgJKKKKzAKdSCnUAIabTqSgBhqvKxbCIeSetPfDyeV2xk05UVBhRinsAABVCjoKsPKkS7nOKgqwVVgNwzjmgCFJZ5fuLtHq3+FMluJYsrIgPoR0NXM0jDcpU96dxGfFIZHxK23PQAf1p7s8Dbz88Z55xmmCyIlGTlRyc9/aoriKVWZgvyk8HPrVD0NEhJkymOfas0xOrENnA4496t2ytERGx+8u7Hoe9WmVXUqwyDSvYDKYHgdR0oIWQZY4I7/T/ADxTWBjfnOBnH0qQFSTgjpkgfyFWUQCQgqzDgVOwVepxuAH500QZTeDyD0NJGWEXB7kY9qAXYewdCcnk9D0pgOWDDqMAfhQrseW4x3pwVMAr8uSRzQAhIY/Ouc1EQMbgeO9TBEI6np1xilLHomOOev8ATFAWEUkL2GMYz6CmkoASmevWlQsVznjOccetJu3HcQSB0yKAANtXdkc8n8OmKZI7FsZP4mpWMjAqCdp46/5NIEV+jfzFAn5CRl35b5seoBpyIy9TgHkHnH0qP5QoGCTj/PapVVdo65J6e1AxvlgEgEHvUZGOvbpmpSFbgf556UpK9DluehoAiKA5YjP+NOUovBUZ6dKeUQk88ZwMCgBV+YcYoAjyd2ABz9eaRlKqWY9efxpzuxxjGGI6HNOY9mOQ2O/PHNAEG5h7fSlbfyobAPX/ADmpEhDNncAMmnkjkOSeOlFxJMiVeOPqaUALktx3p5UdjtGASP6UBFznJoHYQvtI28cf59acTlctjIOTnn3prMQpIAI6HkfypTu2AscgDkcUIGNky3zkHGBgmoOlTzPuAAPGOR9OlV6tGbFJyc+tOzwB6U2nVVibig4pKKKAAnJzSDrmilHBoAdvPpRvPpS7z6Ubz6VJVxN59KN59KN59KXefSkMTefSjefSl3n0pN59KYg3H0o3H0o3H0o3e1AXDd7UZ9qNx9KN3tQFxjc9q07f/jzT6Cs5m9q0rf8A484/oKAHEDIA4p2z3FNYgYJo3p70xH//0rIp1NFOrEApKWkoAjT/AI/ofo1SvZaehO6Qqev38YqnKJXnVLcHzFBbI9Oneo4EtmQblG7vu65q09ALq2umMN3m7h7vTb6OOE2yR/dBOO9V5I7bOSFB9ahjYyNHG0isIgQoHX8aLgXaXFAFOrMAopaWkA2o3dUXc1SmqqnfMx7JwKaASIEu0mOG9fapqdSGgCF3VBljQs00uPKTA9WqvcYMiofx+lTm6AwEXIq0gHG3lf8A1kmfpSrFPH9x8j0bmnrcRmPzDwB1qI3ig/dOKNQ1LEcwclGG116iqt1O8cm3IA6j1p0zqDHOnc4PuPSrboHUg9+9AGfG0rk3QXJxj8uuKvxusqh16VQmmNu3lR4UDkY6/jUlpIGcgDGRkjtnuRQwaJbqMOme4qhEAobcCSOMjtmthsbTnpWZGm4FgRgtimnoCE3h1yM549f1p+6IqFXrt5zUK4Untkf5FCp+8PPyr/XNMq43aWJC9AecU98DDKRnOOMg4qPO0D0BpcjqoyR6/wCFMCQSKqgAdBzjOaadqg4U49O1BZduCBkeg96Y7AttLZ78UCJyVTJC8e4zTGeXBUd+nNDTZ46lRgVGTzvP16UDuIqyHgKDj8hTSxC4Bxn/AD1qVO7DHv7k0qybcnjPqBQKxANzYVMkDnFL+8GDjAH4CpmLA7hxn2//AFU87guD6Yxjr3oHYhVfkyTgdsCpFU8sxwPcZ/OlKDO1gVB5/wAimttBxnOMe1ADQQrHptB49Pyp5ZWOME49B/8ArpoJBwowPzpzAqTn5Rjrjj+dAgGCdrKeR368fhTmdgPujPY4qOJiMyg/mcf0qJ33dOcDpQDZY83cSfu570wKzNkngfX/ADioeSu3n15qUcKOeDkf/XoFEVsbvlx8w5xnmnsyH5ex9P8A69R5HUDIPXPNSHjBAx9AcUDGHYwAIO0H2oZRkYJIHrScu+C2dv8AnvStMB90Dr0oDQc5AgAAznjOP1FVqcWz1+tSLsJwy9u2apOxNrkWDS84zU5CFlABxQVj2nAJwafMHKQgE9KSp/kOdgOccU7Yg5INHMLlKxBHWgdRVjYMAspzTcKWwo+lHMHKFFRl+eKUOMc9fapKH0UwuB9aaJD1PSgCWkNRFs5PQUikjp+VArk1JTd6/WmlyD6UDJKCcDNRlz0pS+M59KAuSKEJCuTu3dB0xVy3z9nC84GQPwNVoSRtUIGXd97/AD71ds1BgUnrz/OhCZN5YyD6Uu1fQU+kqiD/07NLSUVgIWikpaYCWv8Ax/nH/PP+tVJri2cu5tVOGILE46U+4WMDzWLKQMfKcE+1S2tkqL9ouwFVRlVPb3PvVxGSWtvatCZ5rdIx1GeePU56VVkZLmZTAgSOM9cY3H/Cm3F0t3J+8bZCvRScEn1NIksgEbFQI5CQuOvFDfYC3ilpaKyAKKKbQA13K4VRlj0qOJGTcXxljnimp81w5P8ACMD8etWKe2gCU2nUlAyrMAsgkP3SMH+lU2SbptIH0rUZVZSGGQetV3ifbiOU4PGDVxYFWGMur8E4GQPWo3WQfeUgfSraNPHHlSCB/wDrqR1e4jyzdOoHequGpUt13yorcgc4/WtuqFsEViqLj3PWr2amQmMkjVxg/nVYFLeXBTarcAj2qy7hFLHt6VUNxDLmOUYB70kInnJwATtQ9T3qlKQkiiPgdsdMetW0PnQDv2yfaqILJKYx82BgA1SGgbqRg+lMMLZKPhQR3qQnaPmx05phxwSTj1qihzhWYBxjJ68dKYsaHO8Y9Of1qSRFZd69849O1JtIO0jJ/pQDQJHyMkY/nTpBEzYxtAx93io9rYBPAP8ASlcKAST05+tAITylx8p+bGQKe21cjGT9eKCAemQAfQU1QCfMJIA9Mcf59qAHnYSWBOBjpRhByRjB61GxUSZ9MdQBzmpC+5sbc/p/KkAyRiU3A/eGMc/1pzHb0Oc8Y570oJ3BSvXjGaePMUbQMAcf54pgMdyQR3z0Ppj3oGCcgZwM+xxQrHrt3YHXBJ4qJiB94fMecc8UgZKykYyoHPpTW+QMcgjHP40jFmG4dKj34XjjFMLikxEZHfsKc7oyjdjIwM1Dzk4PU0DkZzzQTccqgsAxHtTiRGdhx8vXFR8Z+lJyOaBXLbBMkbRk0fMCCpB7457VWUH16VKTgZ55OOtBaY0BCCQcfTvTFAZiM4BqQFNoZhz+X61EwG75RwelAmKyhWx27VIgwQwHbn6UJJwQ/Qj86kKKR6DHIHNAJArYJyAOOBinqCFYdOR+tRuQv3eo56UoD7jvOBjoO5xQMUDcu4DrT1OUx9f8aiJXZ6E5waadqtsB+U0hErZIx+VKzoU7YHJHrimLyDjnsDUfAXJ6Nk0D8yIDIzRggc96dGTjHXPWrCgPCdwBxwM0yCr8xO3GfYUEHdyKsg7MbOp59zSlnfhgG/pQFirng5Ap4Ab7mSTVjcQMAdqkZuwH/wCukCRTaNwdoyeOKjA4wM5x09avKTn3xjAqNRg7lQ/X/IoHyjUgd13fl71L9kG0ljz7UiSOvGQPYnpU8bs6NuOfcUncVitCGIVlbC7vu1fsh/o4+p/nWbEYzIpf/WFucdOn+FaVl/x7r+P86tbg9izRRRVEH//UsZpc0ylrEQ7NApKUUAMhVHvh5mCI03DPrnr+FLJevcghIFePPG49ffFMkgSUgtnI44OOKRpYYFC5x2AHWqv2ARXaPlbSIfj/APWpJp1uGtZFAH3sqOxqQJeTj91HsB7ucH8qjnto7SaAR9WBDe+O9PWwyxmkzSUlZAOzRSUtACUUUUALTaXNJTAa2dpxUKqQWYngcj3JqZvumqxZsg4IHT0FXEY9Apjxk9e3/wBenKF8khW6HqagjwyHBx3/AAqVUDREqxzn0x0psQ6AAM2Gyas1St1Yvv7CrlTLcHuNkZFUiQ4B4rPMMXMsZyFGcHuauTxGVQFIBB6mqKRYDKxyW4Ud/rTQdDRQqkIPQYrMDL5pdvfrWg6gIMAHbzioyYpl39CD3oTBEOzDADkcE/Sm53Yj6n8vekZnDZHp2pVD7cgEZNWV1GOSRjkDgYp4diSM8kjkHinMCSOcEc/pUZyWLM3PQd+BQD0JjvH3Dn8aiMRYBQBke3JoYAMNzZ4NIgRnHBC+vegLkhCkAseO4HX8e1NwGO1Mtn/PanERgc981XkJB2/y4oE3YkLMp2j5eucUPICQzEgc88c02JyrD0PBp52KT05OKBIjRxu3DnHQmpC7k4GQc809l+URg5OAD9KaQVAcZzz19jxQUIrEnAP0qAls/NnNWg0gO1FJHtj+tV8rn5vqaBMaM449MmkxgnPH+FT5KjbkD1pQ2MlRigVivjC80Aep6Un3QKO2cUEjyo2bs+xppOeBSZPPpRjtQA4ZU/yqbzpH+TpnjOf/AK1RKNzAE/pUq7Yicc9OooKjcc6yg7Tz9On61G0bMSQO/apcyZ3KuB09KazKoI6n6UhsZGp344wB9aVsbsgj5gckAj86Mp/B93HegMFGVHHfJz/OmHQUbQNo53cfmPWpCPnJPQ5/PoKaEI2kgnnn0oOFPPvQMQYwoOeG6fjQdqjfjk+/v6UDqzDrS/M3U9s0AgbCnaCQRzz7U1l/c5I6Z4z+PWlYMfm4NN5Me0sOf60ARqeO341cQjySVGKpdAGB61fUu8OT1/mKTIK/QZPcY/z6Uu0g7SOvrQV/vdz0zTiVJwODjrTAaBn+GpWJycL0qJTxuP4VNujydo5J654zSY4ld3JwwPTjgY6+tBCMc5x+YpWC434BOeMHPP04pvzsMghemeT/AJFMof8AJn+WOf1q2jExnOOKqA7eAelXUIKZH5VEhMpQF/lRQGTdw1X7E5tx9T/Os6FgNowx+Ycg8DNaNkMQY9Gb+daLcl7Fo0lKaSqIP//VmpaSgViSOpabS0DIWUSXKRSsVjb04yfQ1clSLT4xJbw72JwT1P4nk1A8aSLtcZFQiAxndBIyH65H5GrTAluLy6ZIdp8oyBicdsH3qn58lzJCJOCgPJ/iqQ3wk/d3SrOo7rwRU915Ra0MH3MHb9OKbGOAop1FYgJUUjspVUGS36VLUEzeWyydhwfoaaAnppp1JSATFLSZoJpgNb7pqqjZ4GSOpHpVk5qDq2PbmqiMbEGK8Lj/AOvUyoyw4PXOaagKphuBupEYeVz0yOlUwH2+cNnjmrFVYMlmJOelWqlkvcq3LvGBtOAfSqkRkYtInJXk+9X5pvLwMZz+VMt5Y2G1Rg96aeg+hMjK6ZB6iqjCJJGB9KWJwqu7cAsSKikVs57t0WhIQrhcjjqBSbjkhW5/wprAJtB9P1pyhzGefcjtVl7kZOeXzu6cZqTyxjchyP1obhdvJyR60K20BvfmgXqVmJzkn35qWBNz7SetIsZc/LnAqaPYvy7j1zk8UCSEaPEgGeM8fSh41yVT86NykFmIJ/wp+Q77lB55HakOyEWIrkgbs8cc4o2quCRnIPBpPMdG4BAHWmTuWJYfd60B0JdodyCMhRkfUdKZlgSOvr+f+NIrOgCk8twfx6VLwwOxfm70ArjRH8uSc8D8O1Vi7Yx0xkfgKmVwcg8E471AyDZuDZ56Y96YMbuOSc1Ksir8pGcc1EFLDgVMqrtwV59f8mgSTInZScjijO7kU1gNxA/D6UAkdKBNBnHJoxmkJJ60UBYmUoxO/wDnihOTnPfAxUNKM544JoGTtuIKhRn1/wDr1HvwMg8etSMkjKBkEDrTEUuuVIx70AxAM4yOpqc/MpBUDPHT3xUfl4G5sED09aQSYG3PHpQC0JASJNuQBnqaUEck9cYz+uKg3HOQTk07uAg5xz+FAcxYfG/d6n+fFMQ7JOmBnk+1KVJwF6Z4/DmkVgSVAzgk/maRQuGBBYfKePrTDwMnjGR+BpxBZhjjOM01mJAJAI/nmmIhDHbtHTNX43EsW1jhhVAK2cHAqxGjAnjP4ZpMSRY/dBdpbketSf6N2yM+lVcEZ5APTFNJ5++CQeQOv8qB2LTeVGwLEkgEjNMDW7YT7pP3sA+lRGJm4w2B7DH604xCID1PWnfoRbUlP2UcA8DPr1poK7jsOBxjvUB5ySMnn8KcBkngdfp+VFi7ssBVI2hjk9/WpFUIDjvUEK/Pnj1q0RxUS7EmfF5uBt+5uGc9c9/1q/Z/6n/gTfzNZyBEcb22MGHy9sev9a0bMgwAjpk/zrRA9izRS0lUQf/WmpKU0ViSAp1QyP5a7uvYD3NCSPvMUqbHAzjrwaYFikIyMUmaWkMjtvs5VbK7QZXOxj3H19ailtVs7mMKdyuDjPUUXYBgYnsMj61NekmW1z1Kkn9Ku90MfSGkzSZrIBaRgGUqehpKTNMCKMMrlP4VA/WpiwHWoZFb78f3h+opokDjoQR1FPzAm3rSblqOkoES7hUtVatDpQAU07T8px9Ka7SD7q5H1qqDIJiSvJHr0ppAXQoX7oxTZJBGMkE0geTBJTH4io5N0ilHjbHqCKVgI98NwdsgwR059aSNWiJiixnqxPQfSmQoVJaIMCeBuHT3/wD1U4JuJhQ8Dlm9TVjY1juIiToDnP8AM1HLIJJBjI5xVorHbphiSW4z3qmmd/45FOIIe20ZHJxknPWkiZg+wj7w5z7VKwVgFzgnr+dMORJkHrxTKFEqhSp4HfPNEfKgAdCRz6YpGQK+SxGPb09ae8i7d2cAnn6UDGozbiF4AFIyBXBY8Aj2qJpDu+X5evSn7y5y3UUiUx5UHJbnOOnTqc0pJLL9Dj9TSDGwDGRQ2QAfT+XWgY3L7SMZ7f1pGDhAh/GpAAv3j3/pSKcBiDyTTBIOrr7E/wD1v0ojVjlweAPzpqMoZC+MjHP86jc/vCVP5UAyYgJJz2PX6etRyDPfqM804FmHmP1OaiYOBu7dvXFAMmjLhFx3zSiQkgDH9fxpEHyJj/8AVzUMJG8fQ/jzQO+xJM2BtYZ64+tVqsTAfNkdP0qvQTLcKnWHIDE1BVg/LGCOPloBD2jdxtzzVdUy+wnFTpzGWOOv+cVWIO4qeTQN9yztOMbunHSo0XzPnzj69eKeUjIAJIP17UhVEGQOTj3oBk/lpInyZBB71WMb7sAHP+eakWUIAF4GeaVZ3LZOKWpDISjKNrAn3oCu33ew5xUhmcMacJxggDk9qNRDFQKPNz0J4/CnKd7FhwQAB+tMV0ClW+6TQowhbB68GmWOTqW6bf596F2bGZvQdfWmB12kE5PtSPw3HTAoC4Ku4nBwAe9WCQqFsE4PJzUMZO4ZOB05/rUzSYyhycHt/wDXpCRErDeSgyAPX+tSB1UgcZPoQf1ppZmbKsQB37/4U/ymHzkEnHNMoVWK56lumB+nNSz8leM45qNS0bbj261NNgkZXOelT1JZXX5m6cY79jQcKMHgk/55qQo6sQBn8OKaYiqDfx/+uncRLBjdwMZHFWqgjRlfJHHarFRLcDMUyknAyCwyT1zxV+0/1bf77fzrOjHAIfbhhx6+/wCNaNp/q2/32/nWqB7FmikozVEH/9eY03NONNrAkgnO1Vc9FZSfwNWr2OZbv7RGjOpQD5aqXQ/cN+FbFxeR2xVNrOxGcL6VpHYaM7F52t2/Mf40Zuv+fd/0qz/aZ7QSZ/Cl/tPv5EmPw/xp2QyhLHdzRmPyGG7jJxVi+/4+4EP8KE1P/asYI3xOozgk4wP1qC+G2+jY9GQgfhQ1oAmaTNJRWQC0UlLQAVXkBWQP2IwasVHJxTQEaujDKkGlqMojckfjTSFzncRVWEKx3tsXoOpqf7O20Yc/jUQZFGBVkTxY6/pRr0Aj8ggHLtn9KreU7TYR87Rgk+9XGnix1/Sq9vLGASx5JJ/WjUCUW7Y5kbNBgk3cPx+tSefF6/pR58XrS1AYYMgAuxH1qVESMYUUgkRvu8/hS71wTzge1GoEFzC0gDL1H8qgELRfvDycflV0NkZHeqtxIV4zimm9hpkLkZGzrTQrb1LHORn6cU+Q5Y7uO9MUMxHIwOO1WUPbdubcc0ADaVz7n8qG6bxycDrTTzgKcE0ANZGDBSDk+lPVdnLA5xyDQAsbgucgZ6n0pPlZtozyQDQK1iVeFzwe4HembCFwT0wMfWmGQY2qOhP86kRyT04H6cY5oHoNdv48fep8g47DIH/16YGXnk/0xTGQsSy//XpCehGG4IxR1zk0nHUilPByKZA5X2nIx+NIzMwx2pv+cUnI6UDJBKwxgYxS+e3YVEKUdaCrsV5GYYxToyq5LjINPkChflAyOvtUSDc2CARigOo+V1fG3HXtSiRNoVgSMYpsoAI2dPWnoIggyMnHNA+oiyxqu0A1GuHck5FMP3jRQK5aGAwIOc9uDilE0RbIX9DVcSODuGPypowFHtxQDfYkIPJAwO30p4VRyOvpT1GB9FNWYUXaDQxJFTaMZIyagyORitZlG7jvWY4G4heQKAYo+dNo6jv9TUpUqgTPODnFEXyRlhz6/h2oYlSwK+p4oGtgMaqAjY+v1pkiAcDqP6U5tzIC2NxHQfhQQ0i4ZsdT+PSgHYeqKuHHPHeopAeAvenKSE3Dgd6C25QV6tj86QNCyuYvlTjJ6dsVV3N6mnyhQRtz36nNRc0wY/c2d2TmnCSUnAZj+NRgZpyMyHK0CF82T+8fzo82T+8fzph3E5bqaQjFAD/Ml67m/OrFrI7TYZiRg9TVTJxgVYs/9eP90/0pMByFAwVgd+Rg+3atG0P7o/7zfzqkAcnyyNgcHB6546e1XLTPltnrub+dUhPYsmkoNGasg//QnptLSViSRTRmSMoOCaVRK8rTz43EAADoAKlpadwHClptLmkMguULwlB1NRyyyXLxEoU8sEEnvVl+lQq6N90g49KdxjqKKTFSAzJpcmkopgLk+tALZPfikqGRiOM4zTjuCJX3iNx2qtRvOCNx9+aStENhRRRTEJTQAOlOooAKKKKAJoQSxI9KfIreW59u9VTnHGfwpoz2zyKRRop9xfpVSVsygMMjniricxr9Ko5DzbiemelTElbik5+ZxjI5oTbgpjuf5UrISQrHrj/GjC7VA4Pc9+v+FUUI6kcgDA74FAQ/Ko+91BNEjhU2AZH8800hlYgckc9egoAJFcvlcHPp096j8tselB3lsE5q0q44JBPGDQKxU2tUkfTcBw39KlYb85GMZFKxG75MdP6UBYqMpXgipZASgyMcCnuyhtwPfpSylSuO46UhWK2KeCApyMmmZ6ikBwD+FMkD9760mM8Hk0oOCB0obgfL2/SgBdp7UbW9Ksx8kZ54/pUZeQSYJ4yB09eaDSxAVON2OKciF89sVNJzGSeuRUKyMg+X1zmgTWorRmNckUwKWPAp7Ss4KkDk59aWLPJ+lAW1G+W1JsbOKszFtoCnGcCiNyQpY557/WgdlexUIIOD2p+cdOBTo0Ds2fX17U4rGMqMkgZxnIoJsKr44FW48qMZrOyScinF2249P1oFc0Hbb8wOc1nYJP8AnvSdjg5qSPlwBz9aAHKWAO3g/T0qUEEEr9Pfk0bSGGAOQPb3oALA4457e9IuwhP3Wbjn/Cm7QcgHkkUi7trZPOf5VJnZjAyeDTERlEI2A9BnJ4pTj5QOgI6frS52AkjG4CmgMCoUUD0GvGS/PvTfK96W4LFtxGB7e9V+aBMsCLnk1OqMABtNVEyPmHXtUyzsvBY/zpokcyk8dMc88VTzk5qwzq2MksR61XPHFDAKs2n+vH+6f6VWq1Z/68f7p/pUsYJ5RYb878jH07f1rQtf9W3++386oxlsYVQV3DJ9D6fhV61/1bf77fzqluJ7Fk0lBpKsg//RnIpMVLikxWIiPFOp+BRigCl5TzCeRWYNFjaB34zT1llx/qZCe/y1JFN9jnkd1YpJjlRnBFXGvXlXNkFkI6gnDD8KuyYyg0VzdDy1jZFJwWbjjvS3kMUF1CsKhcqc474qOTVLtSw+RWX+Ag5/nRcXEdxcxSRHOEO72J7U7aAS0uKZuFKGFZAMPWinYJo2mmA2q033u9W9pqpOvzDPpTjuNEPPOc06m/hTq1Bi0lFFAgooooAKKKKAGsQBSAjOeelONIDz1NIpEzmTKKMgAA1CUfPzr1Pr6/SrgWQqMdMUghIX5mx3/GkmLQhZiHwx6cfTFN4WQnHJyKdJuVRnByAaXzQBlhkZxnFMY2QYfCDHf/Cms/y8cdf55p+588DqcDn3pm0lM91/lQD8iLOX3nscmpnDE7wcd8/WolXdgDjj61OzLwD0Ax+lAlsNZRuP8PB/wpwwoVFGBz/SlwCw3fdxkfrQQp+nGB6fjSGN8zqWHTg/jg1Hz5QIH0NSx5IGeBkf1pRklicEY7+9MEisVPJIxSZAHPTmpuG+9xn/AB6VMY13lQOnSglxKhUgnKkUwqQMnoeRV12y+R0qtK+7C46UBYljyv3s/wD1qaFy/mHOc59sCmxyODt6+lStI6qWxxQXoMkx5ePcVXqWSVpOOg71HQS2JUkaknI7VHSglTlTg0CRadfMwMHA/WlQFCvHQ0KXYDH1+lQmaTlffr7+vSkXotRI9n3W65PNKCmSpHB4JpIioyCB65704CNmHl4GOw6daZI51iABXJpywjbxwxxz6UHCkLgAe3/1qRWJzGOB1H40AMaPCnHNSJ+7j349c/0pQfl3H/PrUe35QCOcf14oCxLuJAduMAf1oUoU39cnrmmkPtwRg+hHYU1pVBKjlSc8e9AX7kgUEHoTgc+5NMbO0c8jPX0//VSjlyQenfsfanKwUNv4PFA9wKhk2k4wAD3puMhS3OOD+FJn5Rk53AYpeEVTnHf9aAK0jAkDHTmmswIxUtwQ0nHv+ppBC+QTj160EtEIJHTinxp5j4Y9amkUM4VAO/QAcUjQnqnSgdiAjBIBzjuKbVgRKZQgPBo8n5wO3qaBWIgwAqzZc3A/3T/SoUjDOVPAAJ/KrNouy625z8p/pSYWEVXDfe2gOAVPr61dtf8AVn/eb+dUdwdy7KGJYfNjp04q9af6o46bmx+dUhPYsGkpaSrIP//SuUuKWlrEQ3FFOpKAK8kyRnaclj0AGTUZtLm6IcRiL/aJw35CrFoyJPczP/CBz7Yp0t9a3Eezzmh98Yz+NWkMc5tbeIR30iysOxGT+XWsjdA9yWtl2Jjp6n6dqmFnbv8A6m6Qljjnkn9aW6gS3uIY4x0Qgn1x3NN7AJS5ptLWYicdBS0i9BTqQxapXX3h9KuVTuvvDr0qo7jRVHcDH50+m885/lTq0BhRRRTEFFFLQAUlLRQA00DOepobpTeM0ikakf8Aq1+lQXOdlWI/9WuPQVTusiRT9MVC3JI+gXPp+VMZGIDADk9akJwcscnPUVHncCw/+tVjJAgQfMPXkUAoEBcDJ6k/0pQFZMr/AA4oVsKMnAOfwpDIo25+vAqZtokGMY6n8qYrE5Cn1PtilAVGRh7A46c0wsIXPAxnH60PjAJ9cYFK+VUYAz+vWn9B0yCBk/jQFiLI2gnp/UCnAKAp5GRQo3g46Dnn3pQ21TtI4x+FINhhUBl705D8/wAoxuoGMDIIyTj86ci7XKk8+v0oYhGGW54yO9VCMEgnmrLbz16nH60gi3c55zzQD7FcjB4OKQ88FifxqcR7z1+v1qTBIVCeOM+maYkmVMUuPxqyeCQAAPYYprqgi3L15579aB8pARzRgYPr2opRnoKCRu0GjHpT2V1xmnIqlWY9c0AOjckbNudpzxUiHeWJBBA4B4pnCfdGOnrinqHYZ4JpF+Q05LhcDNG1R16njntS7GjGX7ntimHcFBHUGmBI3A2g5Az09D/WkK5CMxwBj9D3quD3z171O25o1U49f1zQJMV05DAkZ/qaqjkdKnkyIgCT2xVce/IoFIeJGCBc8DpSozMwRm4Y80sjISCoxTY8ZJPYE0CuSgFvlz93/CnZDJ1Jx+X+c0eWinaSST6jpSkYBA59cDrQWN2gYyBu4z3608PuBTHPb6ClC5dC3fH8u/5UigA49QKBgJEQgDk8jH1qNiY5ec/NwR+Qp7KoABHckfnxStnLjof/ANdAiJgwYH7oycY7HpUhYlguME9D6U0rKVAHOMHr+NIUdzljkdiOKAQo+VjtwDjOcf56060GLr1OG/pSddxAxnB96LPP2nLddrZ/SkxMdF5mAVPy7xn696u2v+rP+838zVCMISMkh9wwPYd/yq/acxE/7TfzqluS9ixRiiirIP/TvUtJRWIhaSiigCtLBuLMrlA4w3oRUqeUVCIQQBj1pmwXF0sL/cVdzD19M0ksdnL/AMg8r5y8gJxkd/aqtdDK99HGsWQo3HgY65ouxKLmITEE+X2GPrV0Qw2oFzfNuk7DqB9BVF5RdXTXAGFChRnrT2QCUtSAL6U7avpUAKvQU6oMn1pcn1oAmqlcjLD6VYBNVrjqPpTjuNEGDzxTqaByRj9adWgMKKKKYhaKSloAKSlooAaaQdetONN5zSKRpK6JErMcDA61UuHzID1UYIp8kbSJGBk4HNQOmNxDHgZxilFdRJEjDeAy9W/xpGbkoO/T+VMRGxvUkn0oCyZ3qMetMd9RxzyqZHGee/40qgFR9SDj2px3HAGM4xjp70mQMhR1J9eKBkKELNtXJ3DaamDKDtOfX/OKbsw4aPnnnigx5fPXGD6UAhNwIwfmbPOetO3FTtGOQP8AP40YznIycA9cdaAi7QQeuMc0gET92Mev9KRsZwvQd/anHcR9BgUwP85bGenGR9KBEhycL0xkH86axLZJ71CrspIOfp9alBctgDABzTEKS0jKVX7uP0oAcMQBzxkfypI1C7uTwMYpwJHzdRkYHpigY0ZCkdxz9ccUIFIYjJxjmgndnZ94jH9aePkYEDrjgUANZVK7geopjbcAFegzT2Y7snkkD+dIF3McdF9fegSB8lAgPYcVV5BxV1eEAHUZ/LHWoQvO49VPT2oBoiLM2MnNTqFVAcHLDvSuhI3EH/6xp6/eUPjtxQCQwO456Y470qDO0bunXn3pdw2lc9B/PrVdW4Yn7x5xQFyVgAMseMZ/z+FOVM5jbkkg5+lRo4LgScj/AOtU7AFlHfAz+tId7lfy+vT60j/IAuPb/wCvUwAdwCcdOlKu1S+T1x+hoEkIV8xAW/ziqyoWbHvjNTxcqUbsMgU4qAGX/wDVzTB66kDRkHABPanRrtXf1DAjBqY7WQnGPXn9aawxwgwOM/zoDl6igybt5HQ/Wo85UsB19akUfLtJ5yTkc9qaF42KcjjHrzQNsVskKsnQDk98Co+ikKM4/rSsMnaflz7fypxYBuONx/OgBrZEeDg8Dmlcnjbklh/9epCpACE5xgHtgf1pp+QBwSSR/wDWoAC0ajn2/lSHG1QDjp/Ol3bJADwu7Oe1IVIdXI+XoT65oC4qSIGZe+O31otObk/Rv503ldw6dPx7GnWrbrrPsf6UMTHhQrkKocKw+bIz9Kt2mfKOeDubj8aoAAkkttO4AD1GetX7T7jf77fzpol7FiilpKsg/9S7RRRWAgoopaAIIYhPcXEROAY1Un86mh09I5UcylthyBwKqSJOHkMOMSqFJzjGKUWVsAPkGfUVpzIZZn02OeUyPM2T244HoKpTRpBemOIBV2A4FRXUFtFGSOH7c806QzNdA3ChWEYwB396L3QE1LTRThWYEXelpO9LTAWoztaUK3Qin1GzBJA5GeKa3GgKRruLKemarjpU3mqVKsh5HrUI6VogYUUUUxBRRRQAUUUUATQ4IYEZ4p0gCxNhR1AyKiWQxg4A59aDMzKUO3n2pDJn2bVzwdo57VWPYjnntxVp1ZljKHJUVBKCwxuPygmkhpEDPnv1/nT0eTICnjpyaQRsRlRk+nQ/rT0ic/NjgUydbgxbPJ5Poc0ZYc5xnp68UrDcMYC88/5FMMZRiF+Y8g/j1oKY5CynC5OT64/woIcnJ6E9ev4GkZihBABz3xija7jeT+HAoAkI2ncOTx6cU3Jf+Hpzjp/nNAXK/ezntipGwwyDgD/CkBGSRgk/ShTliwHDHNNVWYkMSSDhfX60+MN8p3dQD+dMLArr827jOcUAq6E4G5R+tIGCoMjIz3puQGUD0wcUWENErZJA61NkEeWuBjj/AOvUa43kqMDGOfelyVBb/a5/CgLDiVTvyo608nkeg4NMGWjAI5xTQvynuR054GBSGCMQ4I6ZHNHmHeQuMHj+tPUbWHOTx19xUYGB5mOT/hTDUekinIxnjBpcjt3xx/WombMgA9MYpUyX4GAeDQA7dgEYJI/mOlNLbiFGcEY/KkzhNx7nn+VKIwvJbhc/WgLjVjw2G7DP407aHznP3uPr3pwUqc5yTyOfxpPvIcep/DigLDfLxGHB6joKkLlvmx0PPtxTIAGQ55xilyCCrDrn6dPSgOgIAW3Hjvk/TimDdvJPTnnt06VYJPmbfXP6DFRfKYwCe+PwzQFhfusUHfkGjJJ2v1HT6ikKjO8twM8f/Xpw+QYBB7//AK6AGYBBznknHPGO9Sodu0tyP5ZFRgfJkg4Un/GrPlZ+YZx1oAgJYAsT+H4UKE8st05HNWWCt1BP9aSSNXQqPlJ4oFcqiRGMeT0xmgsu8qcYx/Wmm3l5JHHekMMgGSOKAbZLuD8g8jH9KQMduT045HX/ACKYsMpPA25/lU4hkQbcjGPSgE2MIAVSOd2OnvxTTuYjaMZwD7UwK6kEgnHT0pxSVT5gHAwfagLkuASyuAcZP61FZkC459CP1pGSR23MCM9hzUe0lguMHOKLCbJQyA4ZSSSMH0GeK0bX7r/77fzqhEJAMLgruG71z3q/aA+W2f77fzpoT2LFFLSVZB//1bgpaQUVgIWikozQBE0rb/KiRpGAyQO1PFrcyc3DiFfRev51FmWGb7RAN2RhlzjPpUdzJFdFftaPFjowwwrSNgLTHTLIgkbnIyDjcfzqteOsl6jKcjy8j8aWaD7RsexZJAqbCM4Iqs9uLO4WIHO5Mn696bGTA08Go6cKzAb3pQKKdQAVVnHI+lWqqzkZH0prcaIMdeKfUfrUlaAxKKWkpiCiiloAKKKKAENN79f0pW6Unc/40ii2+3Ymeu0c1D5bDO7IHXOKvbd0IA44FUGBxgsMflSQkMPDAMSS/NPAfIGPz/yaaCzDGcZ79aTcPvUxjzGynLdPXpSsG/gAPIJ57nim4YgAkZ+tOVflIJ/DPegYwhtxdsgjkCnJtdSvcZNIzOFPbk/oaCwBGBt9cUCHgbfn9D+lI+QCenalaRcAKOB+NOAaVNzjPP8An8qVybkSbuoPU/5/nUnG4MD07VHjgHuO1SMcE4B+bPBGOO9BRHg4ZOM5/pT3yMvgZOe3PHTmkGdxzwSOKRcOeSeQSaYCsADgjkjnn8aEUFSc9wentUUhIOAabuwDtJ55oByJEnO35+cgAYoO5enX0qHBABHHp+FS+Yud5HPWglMlON+8H1yKaCR8nGQaeHVtzjpg/X1NIR87A8Enj+dAxHLBSR1JPp60r8HbgdO1MUB85ycDOPelwCSAelA76Ckfuic8gnn04pD8y7ADjk/40xVXbgA8+/50I23l8hSCARzQArugbPT6fTFCzZQgg+x/SoXYsxI/yKaOmBQJyFHGMnA4zVnCucLyuar54HH400EcgUCTL6qcsPQZ/WmDALE9Af1JpsbsVZeScZ96eQFkOOhJ/wA/nSHvqMOXG0LwOf1of5m3EEZFEfqTkEYGKefQHOc8/rTHcYpcx8jqamDdwuar4xhcc/5xVyJMIAPTp70ACFlAJxwO1A5LZPOQf0p29AMEFSKjHOZCMA/0pCHM5IORjg5Jpp3hCD1PT29KVnUyElsjHegkEpzn2pgSnJPB5AGeM5zUIDIMJz25qVzt52lqYCwBYrnd2z7UAJySqkjrmmNjbkk+wqQfM4IUrgHNMc/wAcmgCVMD5247c0yFFJ8wjkmm/IH+c4x19PapozkA0mDKRdHlJfKsWGACcY96v2XEJH+0386oREgABcgsCT6e1aFp/qj/ALzfzqkS9izSUtJVEH//1rVFJmjNYCI5nYBVj+87BQfTNLLbeQu64uio7AAZNMcBp4FPQyD9OaQAS3U0knJVtoz2Aq1orgQw3ahcSknB647e9Tfa4j/qwz+u0E0m+Wz+aJsoWGVI9TzVi6lme4a1iby0UAkjqc0WW4FR0SRBPb/K/Yjj86R5JbidZZF2bV2/U1JLttoPkHC9BUbLPBIsc+35xkFaFewx+KUUtLUgJilpKKACqs+cj6VZqtPjIprcaIefenjpUY6nr+dSDpWgMSiiimIKKKKACiiigBrY70mO3FONN9elIpGtH/q1+gqtIm18jAzz6UfvQAVLYI9sVG0jzKBjnpj9ahIS3Gj5VLEBj3/E0uARtYAcHt37U0qgG1Tz6c01UUYLc9Tj3ziqGO+ZwBu4zUjRxoRjOG71Ex+8xxwf8atzEqFVehoYmQF0+4yhgDn3oZo3O4pzjtTNrBvlwT/jSHrtJ/X86dhDyVKEKo4PXr1pFZygwfwPoKaHIB4zn1qHIJPXHpSBaD1b5gxOAKkYkE/j/n9Kq5B6dxnmp48NGQTjk9aYJkjMDh/T+n9abgxknHOKilbnC9BTQ3OW/U0htjWJPDf5NAHGc9qfIxYgHoOlRj8v0pkBz+NFPdVHfP8AjUfNAEsZ5K+ox+Pap3wSHI5z/wDWqqAc4zVphuPcc/pSLixpXyzkkA98d/WlLZkAx0J6emKUkMzFsf8A66bGTkkjjB/WgY11zHuU8Dt+GTinvjcVTHI/oKVdxUg9Dz0/Co1BafjAyKAIBkNt9KUHjHbvQQAxyc9/TrSEYx1z15pkMUjn9abkEcHinuSxBb8KZjjn8KBC7tuW61ZclQM8gd6hVd52k9eKnWMMv7xifbpn8aCkObliUIx601Qrlm9iamzuTjgdh6YpP3aoCo574pDv1I87oyuckn+lTlRuJzjH60oIRBjkf40uRvDDB4pjGxcrnPJ9fanB+CffFJ8sjkEdPypFOEOR3IoEOyd23OM9KYG/j98U0BWJAP0JNKQNwOO9ICbgk7ske1MBRzjg+lPOeSPXFRKSP+AUASZKvs9s/SkLhcc5J7UPxls/McYoUAuN3Rh+NAAWxwWBNLGxdQajIXlhzjqKfGflB9RQwZUi3FQytxuAI9a0LQ/uj/vN/M1nqEDjeCXVgMgHGP8A9VX7PHk5HTc386pEvYtUUlFUQf/Xlpc02nViSRSnDwsOokX9ake3u47iRoo96yNuByBiopOZYQOT5g4q9PfukzQwRhyv3iTjrVrYZTlt7+ZNpjC5I/i5GKmltrv7XJJEoYPjBJx0FKb68P3YVH1agX16ODGh9wSKemwCfYrqZlW52BAcnaSSfao7w778KeiJx+NSDULlGUzooQkA4PIzUd6MagD/AHo+PwNHTQYlFFLWQCYowKWkzQAHFVJz8w+lWqgZFeQK2cEdqqO40VfX/Cn1MIohnk9M1COlaIGLRRRTEFJS0UAJRS0UAMbPajuetTpGjg7gc+1NdIlT5QdxOKRRZlXdbqD7VSVVVskZzVjbKI+M4x68VGvzYIHJznvjn8KSEhrLhg68fjmn4BYDPI4oEcbthCC306VbSB96semOee/ShsZTGfMwMZYjFWJcKgjbqPT+lRmKVZBs444wRnjr/SnbJTGkqMSTjg98nFOxDfQiDA5AOBjqaABjdk8c/wD16nNvJnIGPQ57mkaNhlsjBx0oGVsEKcjtkn/PpUKhnG1e3WroifBXoSOvWoEDIXJJHQUXBakflnIJGAe9TxgjP0OM+1MVnYFT+f8AKgeYxBzgc8gdv/r0DSsKU35I7frTIkIf5gPlOTUmUAbOev8AWmHCEMp5PBz+NAdSOQENimHtg9u9OfAJGc8f5FNoJe4Z6YPakA4OOcdadx1zTcY5FAiSMgMM881YBO3HUccY/lUUC4kDMDTsnjnANItD0OeD3HFJgDjpxUajawOc7xzn86X+IxtyMcfXtTGOTJU5HP8A9fmohncrj5Rzg+tPGDkt3PH9aTbI2MD7vf8Az9aAI5DuJb04phyalKOzEk9uOODimN8uOuKCWhDn1/OkB4Ibn/PSpFV3BA4wOppfLbIB/P6UCsNjVnlUDj3qz/DzkjvSIFRhjOeP/r00MyqMH6j8qRSVh0bjGDn2z3oB3DI64pmGLgY+6Me3pTgwwxY455x2HegaFDkgjrjj/CpuQo2Hgj0zVbBx77qtjKABewpiG4Y5IIzjinKGGfmG7rSM5Y8ZJU49qRSXfOSQBQAq9yDznPSkLM5ClgcHPvSkZ2tntRIGAAPy5PP40gsL8zccg+mM00IDySc5/wA8U9jtIJz+FMDMc4HbkmmAKrFgHPA6DGKXykz3PoKVjuKeimgsVG0DOM4oACigbQCPpQMbcLQGcvkgY701TndjpnigCCESMAU4QuOPf/8AXV6z/wBR+J/nWfEE3KWJ37hxj2/wrQtP9Tj0Zv500S9izRRSVRB//9CSlpKWsSSORXJV4zhkORnpRGrhnkkOXc5OKkpcU7gFFFKBSAikQSKUboajWN9/mSuXYDAz2FWGptFykJS0UlIBabTqaaAEqJmVJA7dhUlV5+o69KpDQ7zkbIIPTHWoB0pvPOf5VIOlaIGJS0UUxBRRRQAUUUUAPSQIDxkn3xSO6um3byDnrUTHFJ65/lSKLUo3pg9FUEVURFZwDwT0+tW5AF2MTgED8SKZagNJls98UJ6CexGqPGxJ+nWpfMlwCWx9aRgASD196GVUyMkmmJg7s68v/TmnmNo/mLk7uPYflULFiuepJ59zT5GIX5GJqRpa3JGfbHsJ5GfrTeRGVPY855qIuSoc44yOf1pfnO4v8oHYetFhliN2XHXB9e1EkiGQDp15pieW2FbIPtUXymQup+VT06UrCEBwcgcccU/DcY7df8/Wmc4z6GpPlDbxyOKYxhx84OcH/wCvRhc7iD8uB174oBBfI5wP6UDcxC9O1MA+UgMcjcOmPWo9mcuTwo/OpMMygjBxiouQCc9+ntQDFXygSTk8d+1PARTuAxjgVX2n8amXIRWHFBKJQCGA7DAz9KhONh+v+FTMApIbp0H5cU37zMwPTmgpjWROXJOATx9KNqjkEZ7cdKUln4UDHJ60NlmyRyP8KBhtLIwOQM/zHajKbcZ5PP04oQuEOQME0RHDhewPJNAgPAVQeOOtNWQAMB97ipdoC/MOvT3qsynJoE2SCSQg4PQY5pQ2cc4zUPYrnt6VMoyAB1PT6cUhRJSctuA5Gf0pmDkoCeKV92TjAPJ45H0owQxVuc8ZH50yhHztIB5yaVycgA5H/wBamJtJIwMgHP1qQquMkYPNAX0Ggp5Z9c/0qZsAcnGBx9arcBQMDFWV5Vd/Q80AAZflx1PX/GnKSHKjkU3cM9Rk8dKeCqsUBBA7igQ07CV2/e74pJDlCckkdu1TBWbpjPpTSEP3gAQe3rSATlm9MDNPOwE+ZnB6GoAd68jnJH5U7JL7WbOOcduKGAOd+EU55zn2BpXYCMqG5J5H1pxO1gMfez0pucjcKAFXvsYU2MjywfbNBALBTjnvSody0wZWiyCqFM/N97/P5VftP9QM+p/nVBGwcK+wBhheO/er9n/qcejEfrTRL2LNJTqKog//0ZKWmB0Y4B5600zRjkngcZ7VlYkmp1V/Pj9f0NPE8Z4B59MGlZjJaKjMqBQ+eD0pn2iLOMnPpg5oswJXPFNqI3ER6H8cHFIJUJAB69PeizGTUVCZoxnnp1xSfaIwMknHriizAnpDUXnx5285PbFBmj2ls8DrRZgOqvMuSPpUhmQHac59MVBI4c/Lk468dKpIER45PFSDpUW4YLY46ZqXtVjYUUUfWmIKKXBxmkoAKKO+DR2zQA1hmmjPPWlJ5AHJPamBgc4B460ii27KMb+QAvH4U+2j6uvHXAPbNI80DwBC23gDODjI96ltmQHbn5m56YqW9CSB/MznPfB74pvzMuRyB/TpVqQQqzFmIPU+1MJtsctxjGecU7gQuRn04yMU50VVxgYIHWnf6PnKvj0GKSV1EeFbIA//AF0AtCAHnGOo6+3FP+Yls9OcfWmAgHDZGR0x1pY3Ubg2c8diT70FCoR8vXjOP8/jUaqCzZ5AI6GpIXjCv8xGeM44FIgeKQK3TrxTFfUbksc446n6VKx/eDPY8Y/rUe9MEjJzx0NDOm3JOSR6GgLjjgopHQAUgGJN/wCQo2nbxx6/ypSysyqCR2z0BxnvQMCyrwOvH+RSEEA7RnnNIpHmBWGeg5pQ4UsBnP096QDtsaAORnvmmLkuFwcHrUwwiruYYI4+uKh3KA2Dk9cDtihCHNjd0xgHjtSsMOCuAMgfpTHZSC2c+4z3pcblGOQf60x3GrkHJ5GMY7jNPwA2AevB9s0rncx2noDn8qagR5Pm/wA4FIBjfKMkZ79KeF2qo5ORn8TSBxtKZJP/ANakXIw+flHH9MUBsOwzsAvHTrSEo2Vcc9R+fNKuxXySQ2c7cVAxySRzzQK5LGqMmF4YDn8qVQA2/wBCBUMZKuPc4z9atv5QUoW+6MnFMVyNsjJHTp7UrNn5sfNTIvKVT5jfKT2HH50OwPy4xnpn0oHce2EOCent+NL87SccgHPXtiowWO53P3QQemaVWCHLHk8gfXikPQUgFN3cf4Zq1uwC+OFHPtVVGQja27PpT/PQAunIHXsKYD03FiwGMngH2pcFnZm68fpTTKRhduScng9qZ5wdt56AY4Hr60CJ33nA9Tn8KjbecqMHP5003J64AA4B5/wpwlH3SoyOeTiiwCgDywB2/pTmZAoBGPpUAlVU3E4yTg9qDKT8rdT7UWAmwFdcdwaY2MgjjJ6Cm+bubH93rTjIrbDkEdsdTQBIyBRzzz+NJHjZxTPtDDKrg47YximpKoTJ/PtzQBFGUyAykksvzeg9K0rP/VH/AHm/nWfCZNgK/cLDPrnjNaFp/qif9tv5mmtyXsWaKWkqiD//0s/EYjIJQtkYOealJi80PujxjoDxWl9ktf8Anmv5Uv2S1/55r+VOwuYyx5e1wWjy3T5ulIwjKKA0eR1O7k/WtX7Ja/8APNfyo+yWv/PNfyosHMZeYd7Y8sAgYyeO/Tim4j8ryw6Zz1Jwa1vslr/zzX8qPslt/wA81/KlYOYzCYjIrbowB2zTcxDeSUO7oM9PpWt9ktf+ea/lR9ktf+ea/lRYOYyf3R8s7k+Qeh/Wnq0YkaTcnzVpfZLX/nmv5UfZLX/nmv5UWDmMoCIQmPcnJ9DTg0XmIcp8qke3atL7Ja/881/Kj7Jbf881/Kiwcxlr5Soybk+Y+lB8oqi7k+U+/P4Vp/Zbb/nmv5UfZbb/AJ5r+VFg5jPLRed5m5MYxTwgPfhsVaa2thz5a/lUYgt8/dAPsKdguRLHEvMhBDDtz0qTZAxxkkn5ad5Mbf6w7wOgPaneTCP9X8n04osFyJRACSCemOevXtS+Tb/7WBx1pwgtu6gnuSOaPKiPyk5X+6elFh3EEcPAJII46+tQCNUHXPGD/LirHlQr80WEPt0pnk2/GQCTnJ70rBcikRRHy64PHPNRkRlUXcnyex5q6IFfh/mUdAaf9ltv+ea/lTsLmKQMfmmTcnTpzUa7FQqCpJIIx1rR+y23/PNfypfstt/zzX8qOUOYzWCNt5QHPPPJ+tOHleaWzHtx03VofZbb/nmv5UfZbb/nmv5UWDmM5QmxgWQsTwd2SKMRqY87OOuTweO9aX2W2/55r+VH2W2/55r+VFg5jMHlqHG6M7unPT6UHyzGqho8g8nPJrS+y23/ADzX8qPstt/zzX8qOUOYoExeaGBjwBjGeKixG0ZXcgO4nPf/APVWp9ltv+ea/lR9ltv+ea/lRyhzGcTEXVsxgL1GetKPKDOxaMgjgZ6VofZbb/nmv5Un2W2/55r+VHKHMZh8sRhcoTuGTntnv7U8eUsu/Me3HADcfWtD7Lbf881/Kj7Lbf8APNfyosHMZoWPYwJjLE5zupxEeEwUyPvEN1+taH2W2/55r+VJ9ltv+ea/lRyhzGefKzIoMYzwMnp9KD5ZRUDR5B5OetaP2W2/55r+VH2W2/55r+VHKHMUcxGUPujxjpmo22bHBZTnpg9PwrSFrbf881/KnfZbb/nmv5Ucocxmkx7wwaMADBwetInlIzNuj56fN0/GtP7Lbf8APNfypPstt/zzX8qOUOYzSIzFt3puz1zzTw0QlyDGBtx14/lV/wCy23/PNfyo+y23/PNfyo5Q5jMAjEXlbk65yeKcfKOz5o/l4PPWtH7Lbf8APNfyo+y23/PNfyosHMZwMQdiShB6Amk/dmKNSy/Ljsc/jWl9ltv+ea/lR9ltv+ea/lRyhzFHdH5vm7k6Yxg0weWEdNyncfQ1ofZbb/nmv5UfZbb/AJ5r+VHKHMZ4MYMYyvy55wfTvSjy18z5l+f2NaH2a2/55r+VH2W2/wCea/lRYOYzWERiEe5PlPoT+lPYxmUSZTgY6Gr/ANltv+ea/lR9ltv+ea/lRyhzGb+7MbLuQEsTz16+lKTESh3R/J79a0fstt/zzX8qX7Lbf881/KjlDmM8NEHZt0Zz2z/9aof3QjC5QncDkcnrWr9ltv8Anmv5Uv2W2/55r+VFg5ihujE3m7lPGOhxTF8oRshZPmOehrS+y23/ADzX8qPstt/zzX8qVg5jMYxlUXcny+xp26Nmk+ZRuAHQ/pWj9ltv+ea/lR9ltv8Anmv5UWDmMw+W0ax7l4OeQaezRGUSbk6Y6E1o/ZLb/nmv5UfZLb/nmv5UWDmMuPy8gl9pDD5e31rSs8eTxyNzfzp32S2/55r+VTqqooVBgDsKaQmxaSiimSf/079FM3ijcKszH5opm8UbxQBJRTN4pN4pASUVHvFLvFMBxpKbvFG8UAOzRTN4o3ikA+kpm8UbxTAWonyD0P1FP3CjcKAIuemDRn2JqTcKTcKAGZ9j+VGfY0/cKTcKAGg5OMY9qkwPSm7hSbxQBJRTNwo3CgCSlzUe4Uu4UAPzRmo9wpdwoAkozUe8UbxQA/NLTNwo3CgB9LTN4pdwoAU0lJuFJuFAC0U3cKTcKAH0lN3CjcKAHZp1RbhTg4oAkopm8UbhQA+imbxRuFAD6Sm7xRvFAD80maZvFJuFAD80mabuFJuFAElJmm7hSbhQA/NLmotwpd4oAloqPeKXeKAJKKj3il3igB9LUe4Uu8UAPopm8UbxQA+imbxRvFAElGaj3ijeKAJKWot4pd4oAfRTd4o3igD/2Q=="
      style="width: 90vw;"
    />
  </div>
</div>
`;
