// Jest Snapshot v1, https://goo.gl/fbAQLP

exports[`Page - NotFound should match snapshot 1`] = `
<div>
  <h1
    class="MuiTypography-root MuiTypography-h1 css-o2w69a-MuiTypography-root"
  >
    404 Page Not Found
  </h1>
</div>
`;
