// Jest Snapshot v1, https://goo.gl/fbAQLP

exports[`Molecule - Session should match snapshot 1`] = `
<div>
  <div
    class="MuiPaper-root MuiPaper-elevation MuiPaper-rounded MuiPaper-elevation1 MuiAccordion-root MuiAccordion-rounded MuiAccordion-gutters css-h4osnm-MuiPaper-root-MuiAccordion-root"
  >
    <div
      aria-controls="panel1a-content"
      aria-expanded="false"
      class="MuiButtonBase-root MuiAccordionSummary-root MuiAccordionSummary-gutters css-sh22l5-MuiButtonBase-root-MuiAccordionSummary-root"
      id="panel1a-header"
      role="button"
      tabindex="0"
    >
      <div
        class="MuiAccordionSummary-content MuiAccordionSummary-contentGutters css-o4b71y-MuiAccordionSummary-content"
      >
        <p
          class="MuiTypography-root MuiTypography-body1 css-ahj2mt-MuiTypography-root"
        >
          Session 1 - This is a test
        </p>
      </div>
      <div
        class="MuiAccordionSummary-expandIconWrapper css-yw020d-MuiAccordionSummary-expandIconWrapper"
      >
        <svg
          aria-hidden="true"
          class="MuiSvgIcon-root MuiSvgIcon-fontSizeMedium css-i4bv87-MuiSvgIcon-root"
          data-testid="ExpandMoreIcon"
          focusable="false"
          viewBox="0 0 24 24"
        >
          <path
            d="M16.59 8.59 12 13.17 7.41 8.59 6 10l6 6 6-6z"
          />
        </svg>
      </div>
    </div>
    <div
      class="MuiCollapse-root MuiCollapse-vertical MuiCollapse-hidden css-bz4dnt-MuiCollapse-root"
      style="min-height: 0px;"
    >
      <div
        class="MuiCollapse-wrapper MuiCollapse-vertical css-smkl36-MuiCollapse-wrapper"
      >
        <div
          class="MuiCollapse-wrapperInner MuiCollapse-vertical css-9l5vo-MuiCollapse-wrapperInner"
        >
          <div
            aria-labelledby="panel1a-header"
            class="MuiAccordion-region"
            id="panel1a-content"
            role="region"
          >
            <div
              class="MuiAccordionDetails-root css-15v22id-MuiAccordionDetails-root"
            >
              <p>
                This is a longer test
              </p>
            </div>
          </div>
        </div>
      </div>
    </div>
  </div>
</div>
`;
